
> weaalth@0.1.0 build
> next build

node.exe : ΓÜá `images.domains` is deprecated in favor of `images.remotePatterns`. Please 
update next.config.mjs to protect your application from malicious users.
At C:\Program Files\nodejs\npm.ps1:29 char:3
+   & $NODE_EXE $NPM_CLI_JS $args
+   ~~~~~~~~~~~~~~~~~~~~~~~~~~~~~
    + CategoryInfo          : NotSpecified: (ΓÜá `images.dom...alicious users.:String) [], Re 
   moteException
    + FullyQualifiedErrorId : NativeCommandError
 
Γû▓ Next.js 16.2.1 (Turbopack)
- Environments: .env

ΓÜá The "middleware" file convention is deprecated. Please use "proxy" instead. Learn more: 
https://nextjs.org/docs/messages/middleware-to-proxy
  Creating an optimized production build ...
Γ£ô Compiled successfully in 4.4s
  Running TypeScript ...
  Finished TypeScript in 114ms ...
  Collecting page data using 9 workers ...
  Generating static pages using 9 workers (0/6) ...
Error occurred prerendering page "/transaction/create". Read more: 
https://nextjs.org/docs/messages/prerender-error
Error: The default export is not a React Component in "/transaction/create/page"
    at ignore-listed frames
Export encountered an error on /(main)/transaction/create/page: /transaction/create, exiting 
the build.
Γ¿» Next.js build worker exited with code: 1 and signal: null
